[INFO] Scanning for projects...
[INFO] 
[INFO] ----------------------< com.springboot:caretrace >----------------------
[INFO] Building caretrace 0.0.1-SNAPSHOT
[INFO]   from pom.xml
[INFO] --------------------------------[ jar ]---------------------------------
[INFO] 
[INFO] >>> spring-boot:3.5.16:run (default-cli) > test-compile @ caretrace >>>
[INFO] 
[INFO] --- jacoco:0.8.7:prepare-agent (default) @ caretrace ---
[INFO] argLine set to -javaagent:C:\\Users\\User\\.m2\\repository\\org\\jacoco\\org.jacoco.agent\\0.8.7\\org.jacoco.agent-0.8.7-runtime.jar=destfile=D:\\jeh\\workspace\\Care-Trace\\caretrace_back\\target\\jacoco.exec,excludes=**/ProductServiceImpl.class
[INFO] 
[INFO] --- resources:3.3.1:resources (default-resources) @ caretrace ---
[INFO] Copying 1 resource from src\main\resources to target\classes
[INFO] Copying 0 resource from src\main\resources to target\classes
[INFO] 
[INFO] --- compiler:3.14.1:compile (default-compile) @ caretrace ---
[INFO] Nothing to compile - all classes are up to date.
[INFO] 
[INFO] --- resources:3.3.1:testResources (default-testResources) @ caretrace ---
[INFO] skip non existing resourceDirectory D:\jeh\workspace\Care-Trace\caretrace_back\src\test\resources
[INFO] 
[INFO] --- compiler:3.14.1:testCompile (default-testCompile) @ caretrace ---
[INFO] Nothing to compile - all classes are up to date.
[INFO] 
[INFO] <<< spring-boot:3.5.16:run (default-cli) < test-compile @ caretrace <<<
[INFO] 
[INFO] 
[INFO] --- spring-boot:3.5.16:run (default-cli) @ caretrace ---
[INFO] Attaching agents: []

  .   ____          _            __ _ _
 /\\ / ___'_ __ _ _(_)_ __  __ _ \ \ \ \
( ( )\___ | '_ | '_| | '_ \/ _` | \ \ \ \
 \\/  ___)| |_)| | | | | || (_| |  ) ) ) )
  '  |____| .__|_| |_|_| |_\__, | / / / /
 =========|_|==============|___/=/_/_/_/

 :: Spring Boot ::               (v3.5.16)

2026-08-20T16:29:26.990+09:00  INFO 22916 --- [caretrace_back] [  restartedMain] c.s.caretrace.CaretraceApplication       : Starting CaretraceApplication using Java 17.0.12 with PID 22916 (D:\jeh\workspace\Care-Trace\caretrace_back\target\classes started by User in D:\jeh\workspace\Care-Trace\caretrace_back)
2026-08-20T16:29:26.992+09:00  INFO 22916 --- [caretrace_back] [  restartedMain] c.s.caretrace.CaretraceApplication       : No active profile set, falling back to 1 default profile: "default"
2026-08-20T16:29:27.017+09:00  INFO 22916 --- [caretrace_back] [  restartedMain] .e.DevToolsPropertyDefaultsPostProcessor : Devtools property defaults active! Set 'spring.devtools.add-properties' to 'false' to disable
2026-08-20T16:29:27.017+09:00  INFO 22916 --- [caretrace_back] [  restartedMain] .e.DevToolsPropertyDefaultsPostProcessor : For additional web related logging consider setting the 'logging.level.web' property to 'DEBUG'
2026-08-20T16:29:27.694+09:00  INFO 22916 --- [caretrace_back] [  restartedMain] .s.d.r.c.RepositoryConfigurationDelegate : Bootstrapping Spring Data JPA repositories in DEFAULT mode.
2026-08-20T16:29:27.815+09:00  INFO 22916 --- [caretrace_back] [  restartedMain] .s.d.r.c.RepositoryConfigurationDelegate : Finished Spring Data repository scanning in 117 ms. Found 11 JPA repository interfaces.
2026-08-20T16:29:28.313+09:00  INFO 22916 --- [caretrace_back] [  restartedMain] o.s.b.w.embedded.tomcat.TomcatWebServer  : Tomcat initialized with port 8099 (http)
2026-08-20T16:29:28.322+09:00  INFO 22916 --- [caretrace_back] [  restartedMain] o.apache.catalina.core.StandardService   : Starting service [Tomcat]
2026-08-20T16:29:28.322+09:00  INFO 22916 --- [caretrace_back] [  restartedMain] o.apache.catalina.core.StandardEngine    : Starting Servlet engine: [Apache Tomcat/10.1.55]
2026-08-20T16:29:28.367+09:00  INFO 22916 --- [caretrace_back] [  restartedMain] o.a.c.c.C.[Tomcat].[localhost].[/]       : Initializing Spring embedded WebApplicationContext
2026-08-20T16:29:28.368+09:00  INFO 22916 --- [caretrace_back] [  restartedMain] w.s.c.ServletWebServerApplicationContext : Root WebApplicationContext: initialization completed in 1351 ms
2026-08-20T16:29:28.504+09:00  INFO 22916 --- [caretrace_back] [  restartedMain] o.hibernate.jpa.internal.util.LogHelper  : HHH000204: Processing PersistenceUnitInfo [name: default]
2026-08-20T16:29:28.526+09:00  INFO 22916 --- [caretrace_back] [  restartedMain] org.hibernate.Version                    : HHH000412: Hibernate ORM core version 6.6.53.Final
2026-08-20T16:29:28.546+09:00  INFO 22916 --- [caretrace_back] [  restartedMain] o.h.c.internal.RegionFactoryInitiator    : HHH000026: Second-level cache disabled
2026-08-20T16:29:28.667+09:00  INFO 22916 --- [caretrace_back] [  restartedMain] o.s.o.j.p.SpringPersistenceUnitInfo      : No LoadTimeWeaver setup: ignoring JPA class transformer
2026-08-20T16:29:28.682+09:00  INFO 22916 --- [caretrace_back] [  restartedMain] com.zaxxer.hikari.HikariDataSource       : HikariPool-1 - Starting...
2026-08-20T16:29:28.729+09:00  INFO 22916 --- [caretrace_back] [  restartedMain] com.zaxxer.hikari.pool.HikariPool        : HikariPool-1 - Added connection org.mariadb.jdbc.Connection@1b31c451
2026-08-20T16:29:28.730+09:00  INFO 22916 --- [caretrace_back] [  restartedMain] com.zaxxer.hikari.HikariDataSource       : HikariPool-1 - Start completed.
2026-08-20T16:29:28.760+09:00  INFO 22916 --- [caretrace_back] [  restartedMain] org.hibernate.orm.connections.pooling    : HHH10001005: Database info:
	Database JDBC URL [Connecting through datasource 'HikariDataSource (HikariPool-1)']
	Database driver: undefined/unknown
	Database version: 10.6.27
	Autocommit mode: undefined/unknown
	Isolation level: undefined/unknown
	Minimum pool size: undefined/unknown
	Maximum pool size: undefined/unknown
2026-08-20T16:29:29.354+09:00  INFO 22916 --- [caretrace_back] [  restartedMain] o.h.e.t.j.p.i.JtaPlatformInitiator       : HHH000489: No JTA platform available (set 'hibernate.transaction.jta.platform' to enable JTA platform integration)
Hibernate: 
    alter table if exists lesion 
       modify column lesion_type enum ('NEW','NON_TARGET','TARGET')
Hibernate: 
    alter table if exists lesion_measurement 
       modify column roi_type enum ('ELLIPSE','LENGTH','POINT','POLYGON','RECTANGLE') not null
Hibernate: 
    alter table if exists lesion 
       add constraint FK8j58u4r93bp5e2l8rlcl6dqs9 
       foreign key (case_id) 
       references patient_case (case_id)
2026-08-20T16:29:29.479+09:00  WARN 22916 --- [caretrace_back] [  restartedMain] o.m.jdbc.message.server.ErrorPacket      : Error: 1005-HY000: Can't create table `caretrace`.`lesion` (errno: 150 "Foreign key constraint is incorrectly formed")
2026-08-20T16:29:29.480+09:00  WARN 22916 --- [caretrace_back] [  restartedMain] o.h.t.s.i.ExceptionHandlerLoggedImpl     : GenerationTarget encountered exception accepting command : Error executing DDL "
    alter table if exists lesion 
       add constraint FK8j58u4r93bp5e2l8rlcl6dqs9 
       foreign key (case_id) 
       references patient_case (case_id)" via JDBC [(conn=640) Can't create table `caretrace`.`lesion` (errno: 150 "Foreign key constraint is incorrectly formed")]

org.hibernate.tool.schema.spi.CommandAcceptanceException: Error executing DDL "
    alter table if exists lesion 
       add constraint FK8j58u4r93bp5e2l8rlcl6dqs9 
       foreign key (case_id) 
       references patient_case (case_id)" via JDBC [(conn=640) Can't create table `caretrace`.`lesion` (errno: 150 "Foreign key constraint is incorrectly formed")]
	at org.hibernate.tool.schema.internal.exec.GenerationTargetToDatabase.accept(GenerationTargetToDatabase.java:94) ~[hibernate-core-6.6.53.Final.jar:6.6.53.Final]
	at org.hibernate.tool.schema.internal.AbstractSchemaMigrator.applySqlString(AbstractSchemaMigrator.java:576) ~[hibernate-core-6.6.53.Final.jar:6.6.53.Final]
	at org.hibernate.tool.schema.internal.AbstractSchemaMigrator.applySqlStrings(AbstractSchemaMigrator.java:516) ~[hibernate-core-6.6.53.Final.jar:6.6.53.Final]
	at org.hibernate.tool.schema.internal.AbstractSchemaMigrator.applyForeignKeys(AbstractSchemaMigrator.java:448) ~[hibernate-core-6.6.53.Final.jar:6.6.53.Final]
	at org.hibernate.tool.schema.internal.AbstractSchemaMigrator.performMigration(AbstractSchemaMigrator.java:269) ~[hibernate-core-6.6.53.Final.jar:6.6.53.Final]
	at org.hibernate.tool.schema.internal.AbstractSchemaMigrator.doMigration(AbstractSchemaMigrator.java:112) ~[hibernate-core-6.6.53.Final.jar:6.6.53.Final]
	at org.hibernate.tool.schema.spi.SchemaManagementToolCoordinator.performDatabaseAction(SchemaManagementToolCoordinator.java:280) ~[hibernate-core-6.6.53.Final.jar:6.6.53.Final]
	at org.hibernate.tool.schema.spi.SchemaManagementToolCoordinator.lambda$process$5(SchemaManagementToolCoordinator.java:144) ~[hibernate-core-6.6.53.Final.jar:6.6.53.Final]
	at java.base/java.util.HashMap.forEach(HashMap.java:1421) ~[na:na]
	at org.hibernate.tool.schema.spi.SchemaManagementToolCoordinator.process(SchemaManagementToolCoordinator.java:141) ~[hibernate-core-6.6.53.Final.jar:6.6.53.Final]
	at org.hibernate.boot.internal.SessionFactoryObserverForSchemaExport.sessionFactoryCreated(SessionFactoryObserverForSchemaExport.java:37) ~[hibernate-core-6.6.53.Final.jar:6.6.53.Final]
	at org.hibernate.internal.SessionFactoryObserverChain.sessionFactoryCreated(SessionFactoryObserverChain.java:35) ~[hibernate-core-6.6.53.Final.jar:6.6.53.Final]
	at org.hibernate.internal.SessionFactoryImpl.<init>(SessionFactoryImpl.java:324) ~[hibernate-core-6.6.53.Final.jar:6.6.53.Final]
	at org.hibernate.boot.internal.SessionFactoryBuilderImpl.build(SessionFactoryBuilderImpl.java:463) ~[hibernate-core-6.6.53.Final.jar:6.6.53.Final]
	at org.hibernate.jpa.boot.internal.EntityManagerFactoryBuilderImpl.build(EntityManagerFactoryBuilderImpl.java:1517) ~[hibernate-core-6.6.53.Final.jar:6.6.53.Final]
	at org.springframework.orm.jpa.vendor.SpringHibernateJpaPersistenceProvider.createContainerEntityManagerFactory(SpringHibernateJpaPersistenceProvider.java:66) ~[spring-orm-6.2.19.jar:6.2.19]
	at org.springframework.orm.jpa.LocalContainerEntityManagerFactoryBean.createNativeEntityManagerFactory(LocalContainerEntityManagerFactoryBean.java:388) ~[spring-orm-6.2.19.jar:6.2.19]
	at org.springframework.orm.jpa.AbstractEntityManagerFactoryBean.buildNativeEntityManagerFactory(AbstractEntityManagerFactoryBean.java:419) ~[spring-orm-6.2.19.jar:6.2.19]
	at org.springframework.orm.jpa.AbstractEntityManagerFactoryBean.afterPropertiesSet(AbstractEntityManagerFactoryBean.java:400) ~[spring-orm-6.2.19.jar:6.2.19]
	at org.springframework.orm.jpa.LocalContainerEntityManagerFactoryBean.afterPropertiesSet(LocalContainerEntityManagerFactoryBean.java:364) ~[spring-orm-6.2.19.jar:6.2.19]
	at org.springframework.beans.factory.support.AbstractAutowireCapableBeanFactory.invokeInitMethods(AbstractAutowireCapableBeanFactory.java:1871) ~[spring-beans-6.2.19.jar:6.2.19]
	at org.springframework.beans.factory.support.AbstractAutowireCapableBeanFactory.initializeBean(AbstractAutowireCapableBeanFactory.java:1820) ~[spring-beans-6.2.19.jar:6.2.19]
	at org.springframework.beans.factory.support.AbstractAutowireCapableBeanFactory.doCreateBean(AbstractAutowireCapableBeanFactory.java:607) ~[spring-beans-6.2.19.jar:6.2.19]
	at org.springframework.beans.factory.support.AbstractAutowireCapableBeanFactory.createBean(AbstractAutowireCapableBeanFactory.java:529) ~[spring-beans-6.2.19.jar:6.2.19]
	at org.springframework.beans.factory.support.AbstractBeanFactory.lambda$doGetBean$0(AbstractBeanFactory.java:339) ~[spring-beans-6.2.19.jar:6.2.19]
	at org.springframework.beans.factory.support.DefaultSingletonBeanRegistry.getSingleton(DefaultSingletonBeanRegistry.java:373) ~[spring-beans-6.2.19.jar:6.2.19]
	at org.springframework.beans.factory.support.AbstractBeanFactory.doGetBean(AbstractBeanFactory.java:337) ~[spring-beans-6.2.19.jar:6.2.19]
	at org.springframework.beans.factory.support.AbstractBeanFactory.getBean(AbstractBeanFactory.java:207) ~[spring-beans-6.2.19.jar:6.2.19]
	at org.springframework.context.support.AbstractApplicationContext.finishBeanFactoryInitialization(AbstractApplicationContext.java:974) ~[spring-context-6.2.19.jar:6.2.19]
	at org.springframework.context.support.AbstractApplicationContext.refresh(AbstractApplicationContext.java:628) ~[spring-context-6.2.19.jar:6.2.19]
	at org.springframework.boot.web.servlet.context.ServletWebServerApplicationContext.refresh(ServletWebServerApplicationContext.java:146) ~[spring-boot-3.5.16.jar:3.5.16]
	at org.springframework.boot.SpringApplication.refresh(SpringApplication.java:752) ~[spring-boot-3.5.16.jar:3.5.16]
	at org.springframework.boot.SpringApplication.refreshContext(SpringApplication.java:439) ~[spring-boot-3.5.16.jar:3.5.16]
	at org.springframework.boot.SpringApplication.run(SpringApplication.java:318) ~[spring-boot-3.5.16.jar:3.5.16]
	at org.springframework.boot.SpringApplication.run(SpringApplication.java:1361) ~[spring-boot-3.5.16.jar:3.5.16]
	at org.springframework.boot.SpringApplication.run(SpringApplication.java:1350) ~[spring-boot-3.5.16.jar:3.5.16]
	at com.springboot.caretrace.CaretraceApplication.main(CaretraceApplication.java:10) ~[classes/:na]
	at java.base/jdk.internal.reflect.NativeMethodAccessorImpl.invoke0(Native Method) ~[na:na]
	at java.base/jdk.internal.reflect.NativeMethodAccessorImpl.invoke(NativeMethodAccessorImpl.java:77) ~[na:na]
	at java.base/jdk.internal.reflect.DelegatingMethodAccessorImpl.invoke(DelegatingMethodAccessorImpl.java:43) ~[na:na]
	at java.base/java.lang.reflect.Method.invoke(Method.java:568) ~[na:na]
	at org.springframework.boot.devtools.restart.RestartLauncher.run(RestartLauncher.java:50) ~[spring-boot-devtools-3.5.16.jar:3.5.16]
Caused by: java.sql.SQLException: (conn=640) Can't create table `caretrace`.`lesion` (errno: 150 "Foreign key constraint is incorrectly formed")
	at org.mariadb.jdbc.export.ExceptionFactory.createException(ExceptionFactory.java:329) ~[mariadb-java-client-3.5.8.jar:na]
	at org.mariadb.jdbc.export.ExceptionFactory.create(ExceptionFactory.java:402) ~[mariadb-java-client-3.5.8.jar:na]
	at org.mariadb.jdbc.message.ClientMessage.readPacket(ClientMessage.java:195) ~[mariadb-java-client-3.5.8.jar:na]
	at org.mariadb.jdbc.client.impl.StandardClient.readPacket(StandardClient.java:1414) ~[mariadb-java-client-3.5.8.jar:na]
	at org.mariadb.jdbc.client.impl.StandardClient.readResults(StandardClient.java:1353) ~[mariadb-java-client-3.5.8.jar:na]
	at org.mariadb.jdbc.client.impl.StandardClient.readResponse(StandardClient.java:1272) ~[mariadb-java-client-3.5.8.jar:na]
	at org.mariadb.jdbc.client.impl.StandardClient.execute(StandardClient.java:1196) ~[mariadb-java-client-3.5.8.jar:na]
	at org.mariadb.jdbc.Statement.executeInternal(Statement.java:1003) ~[mariadb-java-client-3.5.8.jar:na]
	at org.mariadb.jdbc.Statement.execute(Statement.java:1132) ~[mariadb-java-client-3.5.8.jar:na]
	at org.mariadb.jdbc.Statement.execute(Statement.java:471) ~[mariadb-java-client-3.5.8.jar:na]
	at com.zaxxer.hikari.pool.ProxyStatement.execute(ProxyStatement.java:95) ~[HikariCP-6.3.3.jar:na]
	at com.zaxxer.hikari.pool.HikariProxyStatement.execute(HikariProxyStatement.java) ~[HikariCP-6.3.3.jar:na]
	at org.hibernate.tool.schema.internal.exec.GenerationTargetToDatabase.accept(GenerationTargetToDatabase.java:80) ~[hibernate-core-6.6.53.Final.jar:6.6.53.Final]
	... 41 common frames omitted

2026-08-20T16:29:29.485+09:00  INFO 22916 --- [caretrace_back] [  restartedMain] j.LocalContainerEntityManagerFactoryBean : Initialized JPA EntityManagerFactory for persistence unit 'default'
2026-08-20T16:29:29.832+09:00  INFO 22916 --- [caretrace_back] [  restartedMain] o.s.d.j.r.query.QueryEnhancerFactory     : Hibernate is in classpath; If applicable, HQL parser will be used.
2026-08-20T16:29:30.072+09:00  INFO 22916 --- [caretrace_back] [  restartedMain] c.s.c.config.security.JwtTokenProvider   : [init] JwtTokenProvider 내 secretKey 이용 key 초기화 시작
2026-08-20T16:29:30.073+09:00  INFO 22916 --- [caretrace_back] [  restartedMain] c.s.c.config.security.JwtTokenProvider   : [init] JwtTokenProvider 내 secretKey 이용 key 초기화 초기화 완료
2026-08-20T16:29:30.165+09:00  WARN 22916 --- [caretrace_back] [  restartedMain] JpaBaseConfiguration$JpaWebConfiguration : spring.jpa.open-in-view is enabled by default. Therefore, database queries may be performed during view rendering. Explicitly configure spring.jpa.open-in-view to disable this warning
2026-08-20T16:29:30.185+09:00  WARN 22916 --- [caretrace_back] [  restartedMain] .s.s.UserDetailsServiceAutoConfiguration : 

Using generated security password: 029af7b7-6da6-4eef-bfb1-72fa04e468ad

This generated password is for development use only. Your security configuration must be updated before running your application in production.

2026-08-20T16:29:30.189+09:00  INFO 22916 --- [caretrace_back] [  restartedMain] r$InitializeUserDetailsManagerConfigurer : Global AuthenticationManager configured with UserDetailsService bean with name inMemoryUserDetailsManager
2026-08-20T16:29:30.334+09:00  INFO 22916 --- [caretrace_back] [  restartedMain] c.springboot.caretrace.config.WebConfig  : [addResourceHandlers] image URI 폴더 추가 ------
2026-08-20T16:29:30.392+09:00  INFO 22916 --- [caretrace_back] [  restartedMain] o.s.b.a.e.web.EndpointLinksResolver      : Exposing 1 endpoint beneath base path '/actuator'
2026-08-20T16:29:30.617+09:00  WARN 22916 --- [caretrace_back] [  restartedMain] o.s.b.d.a.OptionalLiveReloadServer       : Unable to start LiveReload server
2026-08-20T16:29:30.659+09:00  INFO 22916 --- [caretrace_back] [  restartedMain] o.s.b.w.embedded.tomcat.TomcatWebServer  : Tomcat started on port 8099 (http) with context path '/'
2026-08-20T16:29:30.670+09:00  INFO 22916 --- [caretrace_back] [  restartedMain] c.s.caretrace.CaretraceApplication       : Started CaretraceApplication in 3.915 seconds (process running for 4.291)
2026-08-20T16:29:30.698+09:00  WARN 22916 --- [caretrace_back] [  restartedMain] o.s.core.events.SpringDocAppInitializer  : SpringDoc /v3/api-docs endpoint is enabled by default. To disable it in production, set the property 'springdoc.api-docs.enabled=false'
2026-08-20T16:29:30.698+09:00  WARN 22916 --- [caretrace_back] [  restartedMain] o.s.core.events.SpringDocAppInitializer  : SpringDoc /swagger-ui.html endpoint is enabled by default. To disable it in production, set the property 'springdoc.swagger-ui.enabled=false'
[INFO] ------------------------------------------------------------------------
[INFO] BUILD FAILURE
[INFO] ------------------------------------------------------------------------
[INFO] Total time:  01:03 min
[INFO] Finished at: 2026-08-20T16:30:27+09:00
[INFO] ------------------------------------------------------------------------
[ERROR] Failed to execute goal org.springframework.boot:spring-boot-maven-plugin:3.5.16:run (default-cli) on project caretrace: Process terminated with exit code: -1 -> [Help 1]
[ERROR] 
[ERROR] To see the full stack trace of the errors, re-run Maven with the -e switch.
[ERROR] Re-run Maven using the -X switch to enable full debug logging.
[ERROR] 
[ERROR] For more information about the errors and possible solutions, please read the following articles:
[ERROR] [Help 1] http://cwiki.apache.org/confluence/display/MAVEN/MojoExecutionException
